Starting a Gradle Daemon (subsequent builds will be faster)
> Task :app:preBuild UP-TO-DATE
> Task :app:preDebugBuild UP-TO-DATE
> Task :app:mergeDebugNativeDebugMetadata NO-SOURCE
> Task :app:checkKotlinGradlePluginConfigurationErrors
> Task :app:generateDebugResValues
> Task :app:checkDebugAarMetadata
> Task :app:mapDebugSourceSetPaths
> Task :app:generateDebugResources
> Task :app:packageDebugResources
> Task :app:createDebugCompatibleScreenManifests
> Task :app:extractDeepLinksDebug
> Task :app:mergeDebugResources
> Task :app:parseDebugLocalResources
> Task :app:processDebugMainManifest
> Task :app:processDebugManifest
> Task :app:processDebugManifestForPackage
> Task :app:javaPreCompileDebug
> Task :app:mergeDebugShaders
> Task :app:compileDebugShaders NO-SOURCE
> Task :app:generateDebugAssets UP-TO-DATE
> Task :app:mergeDebugAssets
> Task :app:compressDebugAssets
> Task :app:desugarDebugFileDependencies
> Task :app:mergeDebugStartupProfile
> Task :app:mergeDebugJniLibFolders
> Task :app:checkDebugDuplicateClasses
> Task :app:mergeDebugNativeLibs
> Task :app:processDebugResources
> Task :app:mergeLibDexDebug

> Task :app:stripDebugDebugSymbols
Unable to strip the following libraries, packaging them as they are: libdatastore_shared_counter.so.

> Task :app:validateSigningDebug
> Task :app:writeDebugAppMetadata
> Task :app:writeDebugSigningConfigVersions
> Task :app:kspDebugKotlin
> Task :app:mergeExtDexDebug

> Task :app:compileDebugKotlin
w: file:///home/runner/work/meridian-compass-v4/meridian-compass-v4/app/src/main/java/com/meridian/compass/astronomy/SunMoonCalculator.kt:104:13 Variable 't' is never used
w: file:///home/runner/work/meridian-compass-v4/meridian-compass-v4/app/src/main/java/com/meridian/compass/astronomy/SunMoonCalculator.kt:140:13 Variable 'jdNoon' is never used
w: file:///home/runner/work/meridian-compass-v4/meridian-compass-v4/app/src/main/java/com/meridian/compass/astronomy/SunMoonCalculator.kt:142:13 Variable 'decRad' is never used
w: file:///home/runner/work/meridian-compass-v4/meridian-compass-v4/app/src/main/java/com/meridian/compass/astronomy/SunMoonCalculator.kt:226:13 Variable 'moonArgLatitude' is never used
w: file:///home/runner/work/meridian-compass-v4/meridian-compass-v4/app/src/main/java/com/meridian/compass/sensors/OrientationSensorManager.kt:103:38 'getter for defaultDisplay: Display!' is deprecated. Deprecated in Java
w: file:///home/runner/work/meridian-compass-v4/meridian-compass-v4/app/src/main/java/com/meridian/compass/ui/screens/AddEditWaypointScreen.kt:89:70 'ArrowBack: ImageVector' is deprecated. Use the AutoMirrored version at Icons.AutoMirrored.Filled.ArrowBack
w: file:///home/runner/work/meridian-compass-v4/meridian-compass-v4/app/src/main/java/com/meridian/compass/ui/screens/CompassScreen.kt:221:35 'List: ImageVector' is deprecated. Use the AutoMirrored version at Icons.AutoMirrored.Filled.List
w: file:///home/runner/work/meridian-compass-v4/meridian-compass-v4/app/src/main/java/com/meridian/compass/ui/screens/RecordTrailScreen.kt:59:85 'ArrowBack: ImageVector' is deprecated. Use the AutoMirrored version at Icons.AutoMirrored.Filled.ArrowBack
w: file:///home/runner/work/meridian-compass-v4/meridian-compass-v4/app/src/main/java/com/meridian/compass/ui/screens/SettingsScreen.kt:51:85 'ArrowBack: ImageVector' is deprecated. Use the AutoMirrored version at Icons.AutoMirrored.Filled.ArrowBack
w: file:///home/runner/work/meridian-compass-v4/meridian-compass-v4/app/src/main/java/com/meridian/compass/ui/screens/SettingsScreen.kt:66:13 'Divider(Modifier = ..., Dp = ..., Color = ...): Unit' is deprecated. Renamed to HorizontalDivider
w: file:///home/runner/work/meridian-compass-v4/meridian-compass-v4/app/src/main/java/com/meridian/compass/ui/screens/SettingsScreen.kt:72:13 'Divider(Modifier = ..., Dp = ..., Color = ...): Unit' is deprecated. Renamed to HorizontalDivider
w: file:///home/runner/work/meridian-compass-v4/meridian-compass-v4/app/src/main/java/com/meridian/compass/ui/screens/SettingsScreen.kt:78:13 'Divider(Modifier = ..., Dp = ..., Color = ...): Unit' is deprecated. Renamed to HorizontalDivider
w: file:///home/runner/work/meridian-compass-v4/meridian-compass-v4/app/src/main/java/com/meridian/compass/ui/screens/SettingsScreen.kt:88:13 'Divider(Modifier = ..., Dp = ..., Color = ...): Unit' is deprecated. Renamed to HorizontalDivider
w: file:///home/runner/work/meridian-compass-v4/meridian-compass-v4/app/src/main/java/com/meridian/compass/ui/screens/SettingsScreen.kt:104:13 'Divider(Modifier = ..., Dp = ..., Color = ...): Unit' is deprecated. Renamed to HorizontalDivider
w: file:///home/runner/work/meridian-compass-v4/meridian-compass-v4/app/src/main/java/com/meridian/compass/ui/screens/SettingsScreen.kt:111:13 'Divider(Modifier = ..., Dp = ..., Color = ...): Unit' is deprecated. Renamed to HorizontalDivider
w: file:///home/runner/work/meridian-compass-v4/meridian-compass-v4/app/src/main/java/com/meridian/compass/ui/screens/SettingsScreen.kt:115:13 'Divider(Modifier = ..., Dp = ..., Color = ...): Unit' is deprecated. Renamed to HorizontalDivider
w: file:///home/runner/work/meridian-compass-v4/meridian-compass-v4/app/src/main/java/com/meridian/compass/ui/screens/SettingsScreen.kt:125:13 'Divider(Modifier = ..., Dp = ..., Color = ...): Unit' is deprecated. Renamed to HorizontalDivider
w: file:///home/runner/work/meridian-compass-v4/meridian-compass-v4/app/src/main/java/com/meridian/compass/ui/screens/WaypointListScreen.kt:104:43 'ArrowBack: ImageVector' is deprecated. Use the AutoMirrored version at Icons.AutoMirrored.Filled.ArrowBack

> Task :app:compileDebugJavaWithJavac
> Task :app:dexBuilderDebug
> Task :app:mergeDebugGlobalSynthetics
> Task :app:processDebugJavaRes
> Task :app:mergeProjectDexDebug
> Task :app:mergeDebugJavaResource
> Task :app:packageDebug
> Task :app:createDebugApkListingFileRedirect
> Task :app:assembleDebug
gradle/actions: Writing build results to /home/runner/work/_temp/.gradle-actions/build-results/build-1791575879844.json

BUILD SUCCESSFUL in 55s
39 actionable tasks: 39 executed
